// Jest Snapshot v1, https://goo.gl/fbAQLP

exports[`Should render the Header correctly 1`] = `
<div
  className="box-layout"
>
  <div
    className="box-layout__box"
  >
    <h1
      className="box-layout__title"
    >
      Boilerpate
    </h1>
    <p>
      Tagline for app
    </p>
    <button
      className="button"
    >
      Log In with Google
    </button>
  </div>
</div>
`;
